// Jest Snapshot v1, https://goo.gl/fbAQLP

exports[`BaseNormalizeSate checks something 1`] = `
Object {
  "allIds": Array [],
  "byIds": Object {},
}
`;
